Source epoch 1: dev loss 0.66989
Source epoch 2: dev loss 0.65335
Source epoch 3: dev loss 0.64679
Source epoch 4: dev loss 0.67260
Source epoch 5: dev loss 0.71569
health_k80_s42_head: target=63.22, source change=0.000 pp, 0.4s
health_k80_s42_full: target=67.60, source change=1.039 pp, 1.5s
health_k80_s42_adapter: target=65.64, source change=0.000 pp, 0.6s
health_k80_s42_lora: target=66.50, source change=0.000 pp, 0.7s
health_k80_s42_daewc: target=64.63, source change=-0.124 pp, 1.0s
public_affairs_k80_s42_head: target=60.89, source change=0.000 pp, 0.4s
public_affairs_k80_s42_full: target=60.63, source change=-0.573 pp, 1.5s
public_affairs_k80_s42_adapter: target=64.28, source change=0.000 pp, 0.6s
public_affairs_k80_s42_lora: target=64.77, source change=0.000 pp, 0.7s
public_affairs_k80_s42_daewc: target=64.75, source change=0.332 pp, 1.0s
entertainment_k80_s42_head: target=49.88, source change=0.000 pp, 0.4s
entertainment_k80_s42_full: target=48.17, source change=0.733 pp, 1.5s
entertainment_k80_s42_adapter: target=48.13, source change=0.000 pp, 0.6s
entertainment_k80_s42_lora: target=50.35, source change=0.000 pp, 0.7s
entertainment_k80_s42_daewc: target=55.16, source change=0.615 pp, 1.0s
Source epoch 1: dev loss 0.67432
Source epoch 2: dev loss 0.64963
Source epoch 3: dev loss 0.66073
Source epoch 4: dev loss 0.67246
health_k80_s43_head: target=60.72, source change=0.000 pp, 0.4s
health_k80_s43_full: target=63.62, source change=-2.274 pp, 1.5s
health_k80_s43_adapter: target=60.51, source change=0.000 pp, 0.6s
health_k80_s43_lora: target=63.20, source change=0.000 pp, 0.7s
health_k80_s43_daewc: target=65.22, source change=-0.317 pp, 1.0s
public_affairs_k80_s43_head: target=64.58, source change=0.000 pp, 0.4s
public_affairs_k80_s43_full: target=71.47, source change=-2.240 pp, 1.5s
public_affairs_k80_s43_adapter: target=71.47, source change=0.000 pp, 0.6s
public_affairs_k80_s43_lora: target=65.30, source change=0.000 pp, 0.7s
public_affairs_k80_s43_daewc: target=64.25, source change=-0.380 pp, 1.0s
entertainment_k80_s43_head: target=52.10, source change=0.000 pp, 0.4s
entertainment_k80_s43_full: target=54.55, source change=-3.681 pp, 1.5s
entertainment_k80_s43_adapter: target=57.93, source change=0.000 pp, 0.6s
entertainment_k80_s43_lora: target=51.80, source change=0.000 pp, 0.7s
entertainment_k80_s43_daewc: target=29.50, source change=0.353 pp, 1.0s
Source epoch 1: dev loss 0.66838
Source epoch 2: dev loss 0.64897
Source epoch 3: dev loss 0.64212
Source epoch 4: dev loss 0.65580
Source epoch 5: dev loss 0.69261
health_k80_s44_head: target=60.51, source change=0.000 pp, 0.4s
health_k80_s44_full: target=60.51, source change=-0.568 pp, 1.5s
health_k80_s44_adapter: target=55.93, source change=0.000 pp, 0.6s
health_k80_s44_lora: target=54.91, source change=0.000 pp, 0.7s
health_k80_s44_daewc: target=61.07, source change=-0.365 pp, 1.0s
public_affairs_k80_s44_head: target=61.73, source change=0.000 pp, 0.4s
public_affairs_k80_s44_full: target=65.27, source change=-0.110 pp, 1.5s
public_affairs_k80_s44_adapter: target=67.76, source change=0.000 pp, 0.6s
public_affairs_k80_s44_lora: target=67.84, source change=0.000 pp, 0.7s
public_affairs_k80_s44_daewc: target=67.33, source change=0.019 pp, 1.0s
entertainment_k80_s44_head: target=50.00, source change=0.000 pp, 0.4s
entertainment_k80_s44_full: target=50.95, source change=-1.782 pp, 1.5s
entertainment_k80_s44_adapter: target=57.24, source change=0.000 pp, 0.6s
entertainment_k80_s44_lora: target=55.61, source change=0.000 pp, 0.7s
entertainment_k80_s44_daewc: target=56.99, source change=0.217 pp, 1.0s
Completed 45 runs
