fixed_reference_entertainment_k80_s42_adapter 56.951386419985454
fixed_reference_entertainment_k80_s42_daewc 54.698512177210866
fixed_reference_entertainment_k80_s42_full 52.33506529548714
fixed_reference_entertainment_k80_s42_full_ewc 52.43594346417393
fixed_reference_entertainment_k80_s42_head 51.86009781857117
fixed_reference_entertainment_k80_s42_lora 54.88214962940895
fixed_reference_entertainment_k80_s42_lwf 52.22125588586689
fixed_reference_health_k80_s42_adapter 63.999044433827045
fixed_reference_health_k80_s42_daewc 63.58617869556328
fixed_reference_health_k80_s42_full 69.75335898568093
fixed_reference_health_k80_s42_full_ewc 69.75335898568093
fixed_reference_health_k80_s42_head 68.22164948453609
fixed_reference_health_k80_s42_lora 59.30456054516861
fixed_reference_health_k80_s42_lwf 68.02497949914843
fixed_reference_public_affairs_k80_s42_adapter 72.06140350877193
fixed_reference_public_affairs_k80_s42_daewc 73.49345450611273
fixed_reference_public_affairs_k80_s42_full 80.36486343983972
fixed_reference_public_affairs_k80_s42_full_ewc 80.36486343983972
fixed_reference_public_affairs_k80_s42_head 75.96758716281053
fixed_reference_public_affairs_k80_s42_lora 73.87781213348971
fixed_reference_public_affairs_k80_s42_lwf 82.43171991985659
fixed_reference_entertainment_k80_s43_adapter 58.90651042805768
fixed_reference_entertainment_k80_s43_daewc 53.64207234856912
fixed_reference_entertainment_k80_s43_full 60.405707415766095
fixed_reference_entertainment_k80_s43_full_ewc 60.47612619561864
fixed_reference_entertainment_k80_s43_head 59.97450705109743
fixed_reference_entertainment_k80_s43_lora 58.466593803121434
fixed_reference_entertainment_k80_s43_lwf 59.22131835834995
fixed_reference_health_k80_s43_adapter 62.972972972972975
fixed_reference_health_k80_s43_daewc 62.362637362637365
fixed_reference_health_k80_s43_full 65.88521105375038
fixed_reference_health_k80_s43_full_ewc 65.88521105375038
fixed_reference_health_k80_s43_head 66.52003910068426
fixed_reference_health_k80_s43_lora 58.15004887585533
fixed_reference_health_k80_s43_lwf 67.80059376546264
fixed_reference_public_affairs_k80_s43_adapter 71.12299465240642
fixed_reference_public_affairs_k80_s43_daewc 74.46586763939551
fixed_reference_public_affairs_k80_s43_full 82.43171991985659
fixed_reference_public_affairs_k80_s43_full_ewc 82.43171991985659
fixed_reference_public_affairs_k80_s43_head 81.50943396226415
fixed_reference_public_affairs_k80_s43_lora 73.1902356902357
fixed_reference_public_affairs_k80_s43_lwf 81.43939393939394
fixed_reference_entertainment_k80_s44_adapter 59.21585834860491
fixed_reference_entertainment_k80_s44_daewc 59.39461240271739
fixed_reference_entertainment_k80_s44_full 56.89331751043569
fixed_reference_entertainment_k80_s44_full_ewc 56.89331751043569
fixed_reference_entertainment_k80_s44_head 53.66365654283769
fixed_reference_entertainment_k80_s44_lora 58.04072100165829
fixed_reference_entertainment_k80_s44_lwf 58.85495646273421
fixed_reference_health_k80_s44_adapter 62.67445093133166
fixed_reference_health_k80_s44_daewc 62.754137115839235
fixed_reference_health_k80_s44_full 67.80059376546264
fixed_reference_health_k80_s44_full_ewc 66.74136321195144
fixed_reference_health_k80_s44_head 68.44693432928727
fixed_reference_health_k80_s44_lora 61.53414195867026
fixed_reference_health_k80_s44_lwf 65.2536231884058
fixed_reference_public_affairs_k80_s44_adapter 70.64612751390672
fixed_reference_public_affairs_k80_s44_daewc 72.31638418079096
fixed_reference_public_affairs_k80_s44_full 77.20930232558139
fixed_reference_public_affairs_k80_s44_full_ewc 77.20930232558139
fixed_reference_public_affairs_k80_s44_head 78.29800695982284
fixed_reference_public_affairs_k80_s44_lora 75.0
fixed_reference_public_affairs_k80_s44_lwf 76.23115047980598
fixed_low_footprint_entertainment_k80_s42_adapter 54.83441780235325
fixed_low_footprint_entertainment_k80_s42_daewc 54.31372626983354
fixed_low_footprint_health_k80_s42_adapter 68.56280193236715
fixed_low_footprint_health_k80_s42_daewc 68.44693432928727
fixed_low_footprint_public_affairs_k80_s42_adapter 78.18759936406995
fixed_low_footprint_public_affairs_k80_s42_daewc 82.11486849168008
fixed_low_footprint_entertainment_k80_s43_adapter 60.371361785552715
fixed_low_footprint_entertainment_k80_s43_daewc 59.50776291689739
fixed_low_footprint_health_k80_s43_adapter 66.27034168017775
fixed_low_footprint_health_k80_s43_daewc 64.69072164948453
fixed_low_footprint_public_affairs_k80_s43_adapter 82.236912250773
fixed_low_footprint_public_affairs_k80_s43_daewc 80.26497085320614
fixed_low_footprint_entertainment_k80_s44_adapter 55.83191738036628
fixed_low_footprint_entertainment_k80_s44_daewc 59.178557737359974
fixed_low_footprint_health_k80_s44_adapter 66.74136321195144
fixed_low_footprint_health_k80_s44_daewc 63.12031835205993
fixed_low_footprint_public_affairs_k80_s44_adapter 76.76724137931035
fixed_low_footprint_public_affairs_k80_s44_daewc 78.18759936406995
cv_reference_entertainment_k80_s42_adapter 57.6364512314064
cv_reference_entertainment_k80_s42_daewc 56.167045219905006
cv_reference_entertainment_k80_s42_full 52.33506529548714
cv_reference_entertainment_k80_s42_full_ewc 53.80149380149379
cv_reference_entertainment_k80_s42_head 48.014010928352626
cv_reference_entertainment_k80_s42_lora 54.8768472906404
cv_reference_entertainment_k80_s42_lwf 54.2973927023885
cv_reference_health_k80_s42_adapter 67.80059376546264
cv_reference_health_k80_s42_daewc 68.44693432928727
cv_reference_health_k80_s42_full 66.2966000126159
cv_reference_health_k80_s42_full_ewc 66.2966000126159
cv_reference_health_k80_s42_head 66.2966000126159
cv_reference_health_k80_s42_lora 54.333333333333336
cv_reference_health_k80_s42_lwf 65.1930894308943
cv_reference_public_affairs_k80_s42_adapter 82.43171991985659
cv_reference_public_affairs_k80_s42_daewc 73.49345450611273
cv_reference_public_affairs_k80_s42_full 80.56164526568534
cv_reference_public_affairs_k80_s42_full_ewc 79.51505016722409
cv_reference_public_affairs_k80_s42_head 75.96758716281053
cv_reference_public_affairs_k80_s42_lora 73.87781213348971
cv_reference_public_affairs_k80_s42_lwf 80.26497085320614
cv_reference_entertainment_k80_s43_adapter 58.90651042805768
cv_reference_entertainment_k80_s43_daewc 59.36532719440203
cv_reference_entertainment_k80_s43_full 58.65417459620358
cv_reference_entertainment_k80_s43_full_ewc 60.47612619561864
cv_reference_entertainment_k80_s43_head 59.97450705109743
cv_reference_entertainment_k80_s43_lora 60.21998984141317
cv_reference_entertainment_k80_s43_lwf 60.513823853536394
cv_reference_health_k80_s43_adapter 62.754137115839235
cv_reference_health_k80_s43_daewc 65.47421476427562
cv_reference_health_k80_s43_full 64.84604105571847
cv_reference_health_k80_s43_full_ewc 65.88521105375038
cv_reference_health_k80_s43_head 64.22107500759186
cv_reference_health_k80_s43_lora 66.27034168017775
cv_reference_health_k80_s43_lwf 61.11146155301835
cv_reference_public_affairs_k80_s43_adapter 71.12299465240642
cv_reference_public_affairs_k80_s43_daewc 74.46586763939551
cv_reference_public_affairs_k80_s43_full 82.43171991985659
cv_reference_public_affairs_k80_s43_full_ewc 82.43171991985659
cv_reference_public_affairs_k80_s43_head 76.936243046641
cv_reference_public_affairs_k80_s43_lora 73.1902356902357
cv_reference_public_affairs_k80_s43_lwf 78.29800695982284
cv_reference_entertainment_k80_s44_adapter 59.21585834860491
cv_reference_entertainment_k80_s44_daewc 59.39461240271739
cv_reference_entertainment_k80_s44_full 62.70623617011666
cv_reference_entertainment_k80_s44_full_ewc 56.89331751043569
cv_reference_entertainment_k80_s44_head 58.43527254164225
cv_reference_entertainment_k80_s44_lora 58.04072100165829
cv_reference_entertainment_k80_s44_lwf 58.85495646273421
cv_reference_health_k80_s44_adapter 68.90826564739608
cv_reference_health_k80_s44_daewc 68.90826564739608
cv_reference_health_k80_s44_full 67.91569086651053
cv_reference_health_k80_s44_full_ewc 67.91569086651053
cv_reference_health_k80_s44_head 68.44693432928727
cv_reference_health_k80_s44_lora 67.2718585762064
cv_reference_health_k80_s44_lwf 66.52003910068426
cv_reference_public_affairs_k80_s44_adapter 70.64612751390672
cv_reference_public_affairs_k80_s44_daewc 72.31638418079096
cv_reference_public_affairs_k80_s44_full 77.20930232558139
cv_reference_public_affairs_k80_s44_full_ewc 76.41025641025641
cv_reference_public_affairs_k80_s44_head 73.49345450611273
cv_reference_public_affairs_k80_s44_lora 75.0
cv_reference_public_affairs_k80_s44_lwf 73.2620320855615
cv_low_footprint_entertainment_k80_s42_adapter 54.83441780235325
cv_low_footprint_entertainment_k80_s42_daewc 59.18990471397784
cv_low_footprint_health_k80_s42_adapter 66.74136321195144
cv_low_footprint_health_k80_s42_daewc 67.38095238095238
cv_low_footprint_public_affairs_k80_s42_adapter 75.0
cv_low_footprint_public_affairs_k80_s42_daewc 75.34591194968554
cv_low_footprint_entertainment_k80_s43_adapter 60.371361785552715
cv_low_footprint_entertainment_k80_s43_daewc 59.50776291689739
cv_low_footprint_health_k80_s43_adapter 65.47421476427562
cv_low_footprint_health_k80_s43_daewc 65.88521105375038
cv_low_footprint_public_affairs_k80_s43_adapter 82.236912250773
cv_low_footprint_public_affairs_k80_s43_daewc 80.26497085320614
cv_low_footprint_entertainment_k80_s44_adapter 58.666014593857184
cv_low_footprint_entertainment_k80_s44_daewc 56.9162065568773
cv_low_footprint_health_k80_s44_adapter 66.74136321195144
cv_low_footprint_health_k80_s44_daewc 68.90826564739608
cv_low_footprint_public_affairs_k80_s44_adapter 76.76724137931035
cv_low_footprint_public_affairs_k80_s44_daewc 78.18759936406995
