{
  "verified_runs": 288,
  "paired_budget_groups": 36,
  "checkpoint_reconstructions": [],
  "checkpoint_reconstruction_device": null,
  "checks": "data and checkpoint SHA-256; split membership; strict label counts; paired samples; metric recomputation; CV fold isolation, candidate scores and selected configuration"
}
{
  "verified_runs": 126,
  "paired_budget_groups": 18,
  "checkpoint_reconstructions": [],
  "checkpoint_reconstruction_device": null,
  "checks": "data and checkpoint SHA-256; split membership; strict label counts; paired samples; metric recomputation; CV fold isolation, candidate scores and selected configuration"
}
{
  "verified_runs": 45,
  "paired_budget_groups": 9,
  "checkpoint_reconstructions": [],
  "checkpoint_reconstruction_device": null,
  "checks": "data and checkpoint SHA-256; split membership; strict label counts; paired samples; metric recomputation; CV fold isolation, candidate scores and selected configuration"
}
{
  "verified_runs": 108,
  "paired_budget_groups": 36,
  "checkpoint_reconstructions": [],
  "checkpoint_reconstruction_device": null,
  "checks": "data and checkpoint SHA-256; split membership; strict label counts; paired samples; metric recomputation; CV fold isolation, candidate scores and selected configuration"
}
{
  "verified_runs": 36,
  "paired_budget_groups": 18,
  "checkpoint_reconstructions": [],
  "checkpoint_reconstruction_device": null,
  "checks": "data and checkpoint SHA-256; split membership; strict label counts; paired samples; metric recomputation; CV fold isolation, candidate scores and selected configuration"
}
